C51 COMPILER V9.60.7.0   HELLO                                                             12/29/2024 21:32:27 PAGE 1   


C51 COMPILER V9.60.7.0, COMPILATION OF MODULE HELLO
OBJECT MODULE PLACED IN .\Objects\HELLO.obj
COMPILER INVOKED BY: D:\Software\8051\C51\BIN\C51.EXE HELLO.C OPTIMIZE(8,SPEED) BROWSE DEBUG OBJECTEXTEND TABS(2) OBJECT
                    -(.\Objects\HELLO.obj)

line level    source

   1          #include <REG52.H> 
   2          #include <stdio.h> 
   3          #include <string.h>
   4          
   5          int count = 0;
   6          char msg[20];
   7          
   8          void send_msg (char * msg) {
   9   1        while (*msg != '\0') {
  10   2          SBUF=*msg++;
  11   2          while(TI == 0);
  12   2          TI=0;
  13   2        }
  14   1      }
  15          
  16          void timer0_int () interrupt 1 using 1 {
  17   1          sprintf (msg, "Hello %d\n", count++); 
  18   1          send_msg(msg);
  19   1      }
  20          
  21          void main (void) {
  22   1      
  23   1        SCON  = 0x50;           /* SCON: mode 1, 8-bit UART, enable rcvr      */
  24   1        TMOD |= 0x20;               /* TMOD: timer 1, mode 2, 8-bit reload        */
  25   1        TH1   = 221;                /* TH1:  reload value for 1200 baud @ 16MHz   */
  26   1        TR1   = 1;                  /* TR1:  timer 1 run                          */
  27   1        ET0 = 1;
  28   1        EA = 1;
  29   1        
  30   1        TMOD |= 0x1;    // T0 = 16bit counter
  31   1        TL0   = 0; 
  32   1        TH0   = 0;
  33   1        TR0   = 1;
  34   1      
  35   1          while (1) {   
  36   2          }
  37   1      }
  38          
  39          


MODULE INFORMATION:   STATIC OVERLAYABLE
   CODE SIZE        =    132    ----
   CONSTANT SIZE    =     10    ----
   XDATA SIZE       =   ----    ----
   PDATA SIZE       =   ----    ----
   DATA SIZE        =     22       3
   IDATA SIZE       =   ----    ----
   BIT SIZE         =   ----    ----
END OF MODULE INFORMATION.


C51 COMPILATION COMPLETE.  0 WARNING(S),  0 ERROR(S)
