A51 MACRO ASSEMBLER  T1_SIMPLE                                                            12/29/2024 22:48:53 PAGE     1


MACRO ASSEMBLER A51 V8.2.7.0
OBJECT MODULE PLACED IN .\Objects\t1_simple.obj
ASSEMBLER INVOKED BY: D:\Software\8051\C51\BIN\A51.EXE t1_simple.a51 SET(SMALL) DEBUG PRINT(.\Listings\t1_simple.lst) OB
                      JECT(.\Objects\t1_simple.obj) EP

LOC  OBJ            LINE     SOURCE

0000                   1             org 0x0
0000                   2     start:
0000 00                3             nop
0001 00                4             nop
0002 80FE              5             sjmp $
                       6     
                       7     ; for test
  1000                 8     REG_SP          EQU     0x1000
  1001                 9     REG_A           EQU     0x1001
  1002                10     REG_B           EQU     0x1002
  1003                11     REG_PSW         EQU     0x1003
  1004                12     REG_PC          EQU     0x1004
  1005                13     REG_DPTR        EQU     0x1005
  1006                14     CYCLE           EQU 0x1006
  2000                15     REG_R0          EQU     0x2000
  2001                16     REG_R1          EQU     0x2001
  2002                17     REG_R2          EQU     0x2002
  2003                18     REG_R3          EQU     0x2003
  2004                19     REG_R4          EQU     0x2004
  2005                20     REG_R5          EQU     0x2005
  2006                21     REG_R6          EQU     0x2006
  2007                22     REG_R7          EQU     0x2007
  2FFF                23     REG_END         EQU     0x2FFF
0600                  24             org 0x600
0600 1000             25             dW  REG_SP,             0x7
0602 0007                    
0604 1001             26             dW  REG_A,              0x0
0606 0000                    
0608 1002             27             dW  REG_B,              0x0
060A 0000                    
060C 1004             28             dW  REG_PC,             0x2
060E 0002                    
0610 1005             29             dw  REG_DPTR,   0x0
0612 0000                    
0614 1006             30             dw      CYCLE,          4
0616 0004                    
0618 2000             31             dW  REG_R0,             0x0
061A 0000                    
061C 2001             32             dW  REG_R1,             0x0
061E 0000                    
0620 2002             33             dW  REG_R2,             0x0
0622 0000                    
0624 2003             34             dW  REG_R3,             0x0
0626 0000                    
0628 2004             35             dW  REG_R4,             0x0
062A 0000                    
062C 2005             36             dW  REG_R5,             0x0
062E 0000                    
0630 2006             37             dW  REG_R6,             0x0
0632 0000                    
0634 2007             38             dW  REG_R7,             0x0
0636 0000                    
0638 2FFF             39             dw      REG_END
                      40             end
A51 MACRO ASSEMBLER  T1_SIMPLE                                                            12/29/2024 22:48:53 PAGE     2

SYMBOL TABLE LISTING
------ ----- -------


N A M E             T Y P E  V A L U E   ATTRIBUTES

CYCLE. . . . . . .  N NUMB   1006H   A   
REG_A. . . . . . .  N NUMB   1001H   A   
REG_B. . . . . . .  N NUMB   1002H   A   
REG_DPTR . . . . .  N NUMB   1005H   A   
REG_END. . . . . .  N NUMB   2FFFH   A   
REG_PC . . . . . .  N NUMB   1004H   A   
REG_PSW. . . . . .  N NUMB   1003H   A   
REG_R0 . . . . . .  N NUMB   2000H   A   
REG_R1 . . . . . .  N NUMB   2001H   A   
REG_R2 . . . . . .  N NUMB   2002H   A   
REG_R3 . . . . . .  N NUMB   2003H   A   
REG_R4 . . . . . .  N NUMB   2004H   A   
REG_R5 . . . . . .  N NUMB   2005H   A   
REG_R6 . . . . . .  N NUMB   2006H   A   
REG_R7 . . . . . .  N NUMB   2007H   A   
REG_SP . . . . . .  N NUMB   1000H   A   
START. . . . . . .  C ADDR   0000H   A   


REGISTER BANK(S) USED: 0 


ASSEMBLY COMPLETE.  0 WARNING(S), 0 ERROR(S)
