BL51 BANKED LINKER/LOCATER V6.22.4.0                                                    12/29/2024  21:32:49  PAGE 1


BL51 BANKED LINKER/LOCATER V6.22.4.0, INVOKED BY:
D:\SOFTWARE\8051\C51\BIN\BL51.EXE .\Objects\test.obj TO .\Objects\code PRINT (.\Listings\code.m51) RAMSIZE (256)


INPUT MODULES INCLUDED:
  .\Objects\test.obj (TEST)


LINK MAP OF MODULE:  .\Objects\code (TEST)


            TYPE    BASE      LENGTH    RELOCATION   SEGMENT NAME
            -----------------------------------------------------

            * * * * * * *   D A T A   M E M O R Y   * * * * * * *
            REG     0000H     0008H     ABSOLUTE     "REG BANK 0"

            * * * * * * *   C O D E   M E M O R Y   * * * * * * *
            CODE    0000H     062CH     ABSOLUTE     



SYMBOL TABLE OF MODULE:  .\Objects\code (TEST)

  VALUE           TYPE          NAME
  ----------------------------------

  -------         MODULE        TEST
  N:1006H         SYMBOL        CYCLE
  C:003FH         SYMBOL        NEXT0
  C:0046H         SYMBOL        NEXT1
  C:0050H         SYMBOL        NEXT2
  C:0059H         SYMBOL        NEXT3
  C:0065H         SYMBOL        NEXT4
  C:0067H         SYMBOL        NEXT5
  N:1001H         SYMBOL        REG_A
  N:1002H         SYMBOL        REG_B
  N:1005H         SYMBOL        REG_DPTR
  N:2FFFH         SYMBOL        REG_END
  N:1004H         SYMBOL        REG_PC
  N:1003H         SYMBOL        REG_PSW
  N:2000H         SYMBOL        REG_R0
  N:2001H         SYMBOL        REG_R1
  N:2002H         SYMBOL        REG_R2
  N:2003H         SYMBOL        REG_R3
  N:2004H         SYMBOL        REG_R4
  N:2005H         SYMBOL        REG_R5
  N:2006H         SYMBOL        REG_R6
  N:2007H         SYMBOL        REG_R7
  N:1000H         SYMBOL        REG_SP
  C:0000H         SYMBOL        START
  C:0000H         LINE#         3
  C:0003H         LINE#         4
  C:0006H         LINE#         5
  C:0009H         LINE#         7
  C:000BH         LINE#         8
  C:000CH         LINE#         9
  C:000EH         LINE#         11
BL51 BANKED LINKER/LOCATER V6.22.4.0                                                  12/29/2024  21:32:49  PAGE 2


  C:000FH         LINE#         12
  C:0011H         LINE#         14
  C:0012H         LINE#         15
  C:0014H         LINE#         17
  C:0016H         LINE#         18
  C:0018H         LINE#         20
  C:001AH         LINE#         21
  C:001CH         LINE#         23
  C:001EH         LINE#         24
  C:0020H         LINE#         25
  C:0022H         LINE#         28
  C:0024H         LINE#         29
  C:0025H         LINE#         30
  C:0027H         LINE#         31
  C:0029H         LINE#         33
  C:002BH         LINE#         34
  C:002DH         LINE#         37
  C:002FH         LINE#         38
  C:0030H         LINE#         39
  C:0032H         LINE#         40
  C:0034H         LINE#         42
  C:0036H         LINE#         43
  C:0038H         LINE#         46
  C:0039H         LINE#         47
  C:003BH         LINE#         48
  C:003DH         LINE#         49
  C:003FH         LINE#         51
  C:0040H         LINE#         52
  C:0042H         LINE#         53
  C:0044H         LINE#         54
  C:0046H         LINE#         58
  C:0048H         LINE#         59
  C:004BH         LINE#         60
  C:004EH         LINE#         61
  C:0050H         LINE#         63
  C:0051H         LINE#         64
  C:0054H         LINE#         65
  C:0057H         LINE#         66
  C:0059H         LINE#         70
  C:005BH         LINE#         71
  C:005DH         LINE#         72
  C:0060H         LINE#         73
  C:0063H         LINE#         74
  C:0065H         LINE#         76
  C:0067H         LINE#         78
  C:0069H         LINE#         79
  -------         ENDMOD        TEST

******************************************************************************
* RESTRICTED VERSION WITH 0800H BYTE CODE SIZE LIMIT; USED: 0097H BYTE ( 7%) *
******************************************************************************

Program Size: data=8.0 xdata=0 code=1580
LINK/LOCATE RUN COMPLETE.  0 WARNING(S),  0 ERROR(S)
