BL51 BANKED LINKER/LOCATER V6.22.4.0                                                    12/29/2024  21:29:53  PAGE 1


BL51 BANKED LINKER/LOCATER V6.22.4.0, INVOKED BY:
D:\SOFTWARE\8051\C51\BIN\BL51.EXE .\Objects\t1_simple.obj TO .\Objects\code PRINT (.\Listings\code.m51)


INPUT MODULES INCLUDED:
  .\Objects\t1_simple.obj (T1_SIMPLE)


LINK MAP OF MODULE:  .\Objects\code (T1_SIMPLE)


            TYPE    BASE      LENGTH    RELOCATION   SEGMENT NAME
            -----------------------------------------------------

            * * * * * * *   D A T A   M E M O R Y   * * * * * * *
            REG     0000H     0008H     ABSOLUTE     "REG BANK 0"

            * * * * * * *   C O D E   M E M O R Y   * * * * * * *
            CODE    0000H     063AH     ABSOLUTE     



SYMBOL TABLE OF MODULE:  .\Objects\code (T1_SIMPLE)

  VALUE           TYPE          NAME
  ----------------------------------

  -------         MODULE        T1_SIMPLE
  N:1006H         SYMBOL        CYCLE
  C:0005H         SYMBOL        NEXT
  N:1001H         SYMBOL        REG_A
  N:1002H         SYMBOL        REG_B
  N:1005H         SYMBOL        REG_DPTR
  N:2FFFH         SYMBOL        REG_END
  N:1004H         SYMBOL        REG_PC
  N:1003H         SYMBOL        REG_PSW
  N:2000H         SYMBOL        REG_R0
  N:2001H         SYMBOL        REG_R1
  N:2002H         SYMBOL        REG_R2
  N:2003H         SYMBOL        REG_R3
  N:2004H         SYMBOL        REG_R4
  N:2005H         SYMBOL        REG_R5
  N:2006H         SYMBOL        REG_R6
  N:2007H         SYMBOL        REG_R7
  N:1000H         SYMBOL        REG_SP
  C:0000H         SYMBOL        START
  C:0000H         LINE#         3
  C:0001H         LINE#         4
  C:0002H         LINE#         5
  C:0004H         LINE#         6
  C:0005H         LINE#         8
  -------         ENDMOD        T1_SIMPLE

******************************************************************************
* RESTRICTED VERSION WITH 0800H BYTE CODE SIZE LIMIT; USED: 0041H BYTE ( 3%) *
******************************************************************************

Program Size: data=8.0 xdata=0 code=1594
BL51 BANKED LINKER/LOCATER V6.22.4.0                                                  12/29/2024  21:29:53  PAGE 2


LINK/LOCATE RUN COMPLETE.  0 WARNING(S),  0 ERROR(S)
